[debug] [2026-08-05T22:16:28.844Z] ----------------------------------------------------------------------
[debug] [2026-08-05T22:16:28.849Z] Command:       /usr/local/nvm/versions/node/v24.18.1/bin/node /usr/local/node_packages/node_modules/.bin/firebase deploy --only hosting --project=titanium-genre-213714
[debug] [2026-08-05T22:16:28.849Z] CLI Version:   15.24.0
[debug] [2026-08-05T22:16:28.850Z] Platform:      linux
[debug] [2026-08-05T22:16:28.850Z] Node Version:  v24.18.1
[debug] [2026-08-05T22:16:28.850Z] Detected Agent: unknown
[debug] [2026-08-05T22:16:28.851Z] Time:          Wed Aug 05 2026 22:16:28 GMT+0000 (Coordinated Universal Time)
[debug] [2026-08-05T22:16:28.851Z] ----------------------------------------------------------------------
[debug] 
[debug] [2026-08-05T22:16:30.522Z] > command requires scopes: ["email","openid","https://www.googleapis.com/auth/cloudplatformprojects.readonly","https://www.googleapis.com/auth/firebase","https://www.googleapis.com/auth/cloud-platform"]
[debug] [2026-08-05T22:16:30.522Z] > authorizing via signed-in user (rixifacebook@gmail.com)
[debug] [2026-08-05T22:16:30.522Z] [iam] checking project titanium-genre-213714 for permissions ["firebase.projects.get","firebasehosting.sites.update"]
[debug] [2026-08-05T22:16:30.543Z] Checked if tokens are valid: true, expires at: 1785971670850
[debug] [2026-08-05T22:16:30.544Z] Checked if tokens are valid: true, expires at: 1785971670850
[debug] [2026-08-05T22:16:30.545Z] >>> [apiv2][query] POST https://cloudresourcemanager.googleapis.com/v1/projects/titanium-genre-213714:testIamPermissions [none]
[debug] [2026-08-05T22:16:30.546Z] >>> [apiv2][(partial)header] POST https://cloudresourcemanager.googleapis.com/v1/projects/titanium-genre-213714:testIamPermissions  x-goog-user-project=titanium-genre-213714
[debug] [2026-08-05T22:16:30.546Z] >>> [apiv2][body] POST https://cloudresourcemanager.googleapis.com/v1/projects/titanium-genre-213714:testIamPermissions {"permissions":["firebase.projects.get","firebasehosting.sites.update"]}
[debug] [2026-08-05T22:16:31.752Z] <<< [apiv2][status] POST https://cloudresourcemanager.googleapis.com/v1/projects/titanium-genre-213714:testIamPermissions 403
[debug] [2026-08-05T22:16:31.752Z] <<< [apiv2][body] POST https://cloudresourcemanager.googleapis.com/v1/projects/titanium-genre-213714:testIamPermissions {"error":{"code":403,"message":"Caller does not have required permission to use project titanium-genre-213714. Grant the caller the roles/serviceusage.serviceUsageConsumer role, or a custom role with the serviceusage.services.use permission, by visiting https://console.developers.google.com/iam-admin/iam?project=titanium-genre-213714 and then retry. Propagation of the new permission may take a few minutes.","status":"PERMISSION_DENIED","details":[{"@type":"type.googleapis.com/google.rpc.ErrorInfo","reason":"USER_PROJECT_DENIED","domain":"googleapis.com","metadata":{"service":"cloudresourcemanager.googleapis.com","consoleUrl":"https://console.developers.google.com/iam-admin/iam?project=titanium-genre-213714","containerInfo":"titanium-genre-213714","consumer":"projects/titanium-genre-213714"}},{"@type":"type.googleapis.com/google.rpc.LocalizedMessage","locale":"en-US","message":"Caller does not have required permission to use project titanium-genre-213714. Grant the caller the roles/serviceusage.serviceUsageConsumer role, or a custom role with the serviceusage.services.use permission, by visiting https://console.developers.google.com/iam-admin/iam?project=titanium-genre-213714 and then retry. Propagation of the new permission may take a few minutes."},{"@type":"type.googleapis.com/google.rpc.Help","links":[{"description":"Google developer console IAM admin","url":"https://console.developers.google.com/iam-admin/iam?project=titanium-genre-213714"}]}]}}
[debug] [2026-08-05T22:16:31.754Z] [iam] error while checking permissions, command may fail: Request to https://cloudresourcemanager.googleapis.com/v1/projects/titanium-genre-213714:testIamPermissions had HTTP Error: 403, Caller does not have required permission to use project titanium-genre-213714. Grant the caller the roles/serviceusage.serviceUsageConsumer role, or a custom role with the serviceusage.services.use permission, by visiting https://console.developers.google.com/iam-admin/iam?project=titanium-genre-213714 and then retry. Propagation of the new permission may take a few minutes.
[debug] [2026-08-05T22:16:31.755Z] Checked if tokens are valid: true, expires at: 1785971670850
[debug] [2026-08-05T22:16:31.755Z] Checked if tokens are valid: true, expires at: 1785971670850
[debug] [2026-08-05T22:16:31.756Z] >>> [apiv2][query] GET https://firebase.googleapis.com/v1beta1/projects/titanium-genre-213714 [none]
[debug] [2026-08-05T22:16:31.756Z] >>> [apiv2][(partial)header] GET https://firebase.googleapis.com/v1beta1/projects/titanium-genre-213714  x-goog-user-project=titanium-genre-213714
[debug] [2026-08-05T22:16:32.334Z] <<< [apiv2][status] GET https://firebase.googleapis.com/v1beta1/projects/titanium-genre-213714 403
[debug] [2026-08-05T22:16:32.335Z] <<< [apiv2][body] GET https://firebase.googleapis.com/v1beta1/projects/titanium-genre-213714 {"error":{"code":403,"message":"Caller does not have required permission to use project titanium-genre-213714. Grant the caller the roles/serviceusage.serviceUsageConsumer role, or a custom role with the serviceusage.services.use permission, by visiting https://console.developers.google.com/iam-admin/iam?project=titanium-genre-213714 and then retry. Propagation of the new permission may take a few minutes.","status":"PERMISSION_DENIED","details":[{"@type":"type.googleapis.com/google.rpc.ErrorInfo","reason":"USER_PROJECT_DENIED","domain":"googleapis.com","metadata":{"containerInfo":"titanium-genre-213714","consoleUrl":"https://console.developers.google.com/iam-admin/iam?project=titanium-genre-213714","service":"firebase.googleapis.com","consumer":"projects/titanium-genre-213714"}},{"@type":"type.googleapis.com/google.rpc.LocalizedMessage","locale":"en-US","message":"Caller does not have required permission to use project titanium-genre-213714. Grant the caller the roles/serviceusage.serviceUsageConsumer role, or a custom role with the serviceusage.services.use permission, by visiting https://console.developers.google.com/iam-admin/iam?project=titanium-genre-213714 and then retry. Propagation of the new permission may take a few minutes."},{"@type":"type.googleapis.com/google.rpc.Help","links":[{"description":"Google developer console IAM admin","url":"https://console.developers.google.com/iam-admin/iam?project=titanium-genre-213714"}]}]}}
[debug] [2026-08-05T22:16:32.335Z] Request to https://firebase.googleapis.com/v1beta1/projects/titanium-genre-213714 had HTTP Error: 403, Caller does not have required permission to use project titanium-genre-213714. Grant the caller the roles/serviceusage.serviceUsageConsumer role, or a custom role with the serviceusage.services.use permission, by visiting https://console.developers.google.com/iam-admin/iam?project=titanium-genre-213714 and then retry. Propagation of the new permission may take a few minutes.
[debug] [2026-08-05T22:16:32.357Z] FirebaseError: Request to https://firebase.googleapis.com/v1beta1/projects/titanium-genre-213714 had HTTP Error: 403, Caller does not have required permission to use project titanium-genre-213714. Grant the caller the roles/serviceusage.serviceUsageConsumer role, or a custom role with the serviceusage.services.use permission, by visiting https://console.developers.google.com/iam-admin/iam?project=titanium-genre-213714 and then retry. Propagation of the new permission may take a few minutes.
    at responseToError (/usr/local/node_packages/node_modules/firebase-tools/lib/responseToError.js:53:12)
    at RetryOperation._fn (/usr/local/node_packages/node_modules/firebase-tools/lib/apiv2.js:415:77)
    at process.processTicksAndRejections (node:internal/process/task_queues:104:5)
[error] 
[error] Error: Failed to get Firebase project titanium-genre-213714. Please make sure the project exists and your account has permission to access it.
